[crmnl.pw/sexnew/index.html]
[backblue.gif]
[fade.gif]
[index.html]
[crmnl.pw/sexnew/assets/bootstrap/css/bootstrap.min.css]
[crmnl.pw/sexnew/assets/fonts/font-awesome.min.css]
[crmnl.pw/sexnew/assets/css/styles.css]
[crmnl.pw/sexnew/assets/css/gg.compiled.css]
[crmnl.pw/sexnew/assets/img/logo_default.png]
[crmnl.pw/sexnew/assets/bootstrap/js/bootstrap.min.js]
[crmnl.pw/sexnew/assets/js/drag.js]
[code.jquery.com/jquery-3.6.0.min.js]
[unpkg.com/monaco-editor@0.8.3/min/vs/loader.js]
[crmnl.pw/sexnew/assets/js/navi_ani_mation.js]
[crmnl.pw/sexnew/assets/js/openfile.js]
[crmnl.pw/sexnew/index.html]
[crmnl.pw/sexnew/assets/bootstrap/css/bootstrap.min.css]
[crmnl.pw/sexnew/assets/js/stuff.js]
[crmnl.pw/sexnew/assets/fonts/fontawesome-webfont3e6e.eot]
[crmnl.pw/sexnew/assets/fonts/fontawesome-webfontd41d.eot]
[crmnl.pw/sexnew/assets/fonts/fontawesome-webfont3e6e.woff2]
[crmnl.pw/sexnew/assets/fonts/fontawesome-webfont3e6e.woff]
[crmnl.pw/sexnew/assets/fonts/fontawesome-webfont3e6e.ttf]
[crmnl.pw/sexnew/assets/fonts/font-awesome.min.css]
[crmnl.pw/sexnew/assets/css/styles.css]
[crmnl.pw/sexnew/assets/css/gg.compiled.css]
[crmnl.pw/sexnew/assets/fonts/fontawesome-webfont3e6e.svg]
[crmnl.pw/sexnew/assets/fonts/fontawesome-webfont3e6e.svg]
